// Jest Snapshot v1, https://goo.gl/fbAQLP

exports[`Function VASP | Input: CONTCAR | Atoms should match the snapshot 1`] = `
[
  [
    {
      "bondOrder": [
        1,
      ],
      "bonds": [
        1,
      ],
      "elem": "C",
      "index": 0,
      "x": -0.0022009348342383367,
      "y": -0.0022009348342383367,
      "z": -0.0022009348342383367,
    },
    {
      "bondOrder": [
        1,
        1,
        1,
        1,
      ],
      "bonds": [
        8,
        2,
        4,
        0,
      ],
      "elem": "C",
      "index": 1,
      "x": 0.8892802327397015,
      "y": 0.8892802327397015,
      "z": 0.8892802327397015,
    },
    {
      "bondOrder": [
        1,
        1,
      ],
      "bonds": [
        1,
        3,
      ],
      "elem": "C",
      "index": 2,
      "x": 1.7805698329747879,
      "y": -0.003074977966912264,
      "z": 1.7805698329747879,
    },
    {
      "bondOrder": [
        1,
        1,
        1,
        1,
      ],
      "bonds": [
        6,
        10,
        2,
        16,
      ],
      "elem": "C",
      "index": 3,
      "x": 2.672083392999176,
      "y": 0.8887239766994924,
      "z": 2.672083392999176,
    },
    {
      "bondOrder": [
        1,
        1,
      ],
      "bonds": [
        1,
        5,
      ],
      "elem": "C",
      "index": 4,
      "x": -0.003074977966912264,
      "y": 1.7805698329747879,
      "z": 1.7805698329747879,
    },
    {
      "bondOrder": [
        1,
        1,
        1,
        1,
      ],
      "bonds": [
        6,
        12,
        4,
        32,
      ],
      "elem": "C",
      "index": 5,
      "x": 0.8887239766994924,
      "y": 2.672083392999176,
      "z": 2.672083392999176,
    },
    {
      "bondOrder": [
        1,
        1,
        1,
      ],
      "bonds": [
        3,
        5,
        7,
      ],
      "elem": "C",
      "index": 6,
      "x": 1.7820270857659832,
      "y": 1.7820270857659832,
      "z": 3.5623959285154565,
    },
    {
      "bondOrder": [
        1,
        1,
        1,
        1,
      ],
      "bonds": [
        6,
        14,
        20,
        34,
      ],
      "elem": "C",
      "index": 7,
      "x": 2.6780195193306113,
      "y": 2.6780195193306113,
      "z": 4.4511237322990285,
    },
    {
      "bondOrder": [
        1,
        1,
      ],
      "bonds": [
        1,
        9,
      ],
      "elem": "C",
      "index": 8,
      "x": 1.7805698329747879,
      "y": 1.7805698329747879,
      "z": -0.003074977966912264,
    },
    {
      "bondOrder": [
        1,
        1,
        1,
        1,
      ],
      "bonds": [
        10,
        12,
        8,
        64,
      ],
      "elem": "C",
      "index": 9,
      "x": 2.672083392999176,
      "y": 2.672083392999176,
      "z": 0.8887239766994924,
    },
    {
      "bondOrder": [
        1,
        1,
        1,
      ],
      "bonds": [
        3,
        9,
        11,
      ],
      "elem": "C",
      "index": 10,
      "x": 3.5623959285154565,
      "y": 1.7820270857659832,
      "z": 1.7820270857659832,
    },
    {
      "bondOrder": [
        1,
        1,
        1,
        1,
      ],
      "bonds": [
        10,
        14,
        24,
        66,
      ],
      "elem": "C",
      "index": 11,
      "x": 4.4511237322990285,
      "y": 2.6780195193306113,
      "z": 2.6780195193306113,
    },
    {
      "bondOrder": [
        1,
        1,
        1,
      ],
      "bonds": [
        5,
        9,
        13,
      ],
      "elem": "C",
      "index": 12,
      "x": 1.7820270857659832,
      "y": 3.5623959285154565,
      "z": 1.7820270857659832,
    },
    {
      "bondOrder": [
        1,
        1,
        1,
        1,
      ],
      "bonds": [
        12,
        14,
        40,
        68,
      ],
      "elem": "C",
      "index": 13,
      "x": 2.6780195193306113,
      "y": 4.4511237322990285,
      "z": 2.6780195193306113,
    },
    {
      "bondOrder": [
        1,
        1,
        1,
        1,
      ],
      "bonds": [
        7,
        11,
        13,
        15,
      ],
      "elem": "C",
      "index": 14,
      "x": 3.5678012595466027,
      "y": 3.5678012595466027,
      "z": 3.5678012595466027,
    },
    {
      "bondOrder": [
        1,
        1,
        1,
        1,
      ],
      "bonds": [
        14,
        42,
        28,
        70,
      ],
      "elem": "C",
      "index": 15,
      "x": 4.464867641692702,
      "y": 4.464867641692702,
      "z": 4.464867641692702,
    },
    {
      "bondOrder": [
        1,
        1,
      ],
      "bonds": [
        3,
        17,
      ],
      "elem": "C",
      "index": 16,
      "x": 3.563272939133247,
      "y": -0.006487816946039519,
      "z": 3.563272939133247,
    },
    {
      "bondOrder": [
        1,
        1,
        1,
        1,
      ],
      "bonds": [
        20,
        18,
        24,
        16,
      ],
      "elem": "C",
      "index": 17,
      "x": 4.456555640302951,
      "y": 0.8910412761098082,
      "z": 4.456555640302951,
    },
    {
      "bondOrder": [
        1,
        1,
      ],
      "bonds": [
        17,
        19,
      ],
      "elem": "C",
      "index": 18,
      "x": 5.347894213697376,
      "y": -0.004037878093574932,
      "z": 5.347894213697376,
    },
    {
      "bondOrder": [
        1,
        1,
        1,
      ],
      "bonds": [
        22,
        26,
        18,
      ],
      "elem": "C",
      "index": 19,
      "x": 6.23959815277925,
      "y": 0.8888168897963186,
      "z": 6.23959815277925,
    },
    {
      "bondOrder": [
        1,
        1,
        1,
      ],
      "bonds": [
        7,
        17,
        21,
      ],
      "elem": "C",
      "index": 20,
      "x": 3.5853303710330957,
      "y": 1.7839394354756763,
      "z": 5.332357573914908,
    },
    {
      "bondOrder": [
        1,
        1,
        1,
        1,
      ],
      "bonds": [
        20,
        48,
        22,
        28,
      ],
      "elem": "C",
      "index": 21,
      "x": 4.463792656297843,
      "y": 2.6790868505573098,
      "z": 6.237898289600474,
    },
    {
      "bondOrder": [
        1,
        1,
        1,
      ],
      "bonds": [
        21,
        19,
        23,
      ],
      "elem": "C",
      "index": 22,
      "x": 5.348549989288473,
      "y": 1.7809253071489963,
      "z": 7.130811966596322,
    },
    {
      "bondOrder": [
        1,
        1,
        1,
      ],
      "bonds": [
        22,
        30,
        50,
      ],
      "elem": "C",
      "index": 23,
      "x": 6.2384203942306655,
      "y": 2.6710394760854936,
      "z": 8.022699134595657,
    },
    {
      "bondOrder": [
        1,
        1,
        1,
      ],
      "bonds": [
        11,
        17,
        25,
      ],
      "elem": "C",
      "index": 24,
      "x": 5.332357573914908,
      "y": 1.7839394354756763,
      "z": 3.5853303710330957,
    },
    {
      "bondOrder": [
        1,
        1,
        1,
        1,
      ],
      "bonds": [
        24,
        80,
        26,
        28,
      ],
      "elem": "C",
      "index": 25,
      "x": 6.237898289600474,
      "y": 2.6790868505573098,
      "z": 4.463792656297843,
    },
    {
      "bondOrder": [
        1,
        1,
        1,
      ],
      "bonds": [
        25,
        19,
        27,
      ],
      "elem": "C",
      "index": 26,
      "x": 7.130811966596322,
      "y": 1.7809253071489963,
      "z": 5.348549989288473,
    },
    {
      "bondOrder": [
        1,
        1,
        1,
      ],
      "bonds": [
        26,
        30,
        82,
      ],
      "elem": "C",
      "index": 27,
      "x": 8.022699134595657,
      "y": 2.6710394760854936,
      "z": 6.2384203942306655,
    },
    {
      "bondOrder": [
        1,
        1,
        1,
        1,
      ],
      "bonds": [
        15,
        21,
        25,
        29,
      ],
      "elem": "C",
      "index": 28,
      "x": 5.359552089230692,
      "y": 3.580980886654287,
      "z": 5.359552089230692,
    },
    {
      "bondOrder": [
        1,
        1,
        1,
        1,
      ],
      "bonds": [
        28,
        30,
        56,
        84,
      ],
      "elem": "C",
      "index": 29,
      "x": 6.256813865280642,
      "y": 4.477912895626028,
      "z": 6.256813865280642,
    },
    {
      "bondOrder": [
        1,
        1,
        1,
        1,
      ],
      "bonds": [
        23,
        27,
        29,
        31,
      ],
      "elem": "C",
      "index": 30,
      "x": 7.135269988009827,
      "y": 3.5670005485107965,
      "z": 7.135269988009827,
    },
    {
      "bondOrder": [
        1,
        1,
        1,
      ],
      "bonds": [
        30,
        58,
        86,
      ],
      "elem": "C",
      "index": 31,
      "x": 8.025030891879162,
      "y": 4.45144988490894,
      "z": 8.025030891879162,
    },
    {
      "bondOrder": [
        1,
        1,
      ],
      "bonds": [
        5,
        33,
      ],
      "elem": "C",
      "index": 32,
      "x": -0.006487816946039519,
      "y": 3.563272939133247,
      "z": 3.563272939133247,
    },
    {
      "bondOrder": [
        1,
        1,
        1,
        1,
      ],
      "bonds": [
        34,
        40,
        32,
        36,
      ],
      "elem": "C",
      "index": 33,
      "x": 0.8910412761098082,
      "y": 4.456555640302951,
      "z": 4.456555640302951,
    },
    {
      "bondOrder": [
        1,
        1,
        1,
      ],
      "bonds": [
        7,
        33,
        35,
      ],
      "elem": "C",
      "index": 34,
      "x": 1.7839394354756763,
      "y": 3.5853303710330957,
      "z": 5.332357573914908,
    },
    {
      "bondOrder": [
        1,
        1,
        1,
        1,
      ],
      "bonds": [
        34,
        48,
        38,
        42,
      ],
      "elem": "C",
      "index": 35,
      "x": 2.6790868505573098,
      "y": 4.463792656297843,
      "z": 6.237898289600474,
    },
    {
      "bondOrder": [
        1,
        1,
      ],
      "bonds": [
        33,
        37,
      ],
      "elem": "C",
      "index": 36,
      "x": -0.004037878093574932,
      "y": 5.347894213697376,
      "z": 5.347894213697376,
    },
    {
      "bondOrder": [
        1,
        1,
        1,
      ],
      "bonds": [
        38,
        44,
        36,
      ],
      "elem": "C",
      "index": 37,
      "x": 0.8888168897963186,
      "y": 6.23959815277925,
      "z": 6.23959815277925,
    },
    {
      "bondOrder": [
        1,
        1,
        1,
      ],
      "bonds": [
        35,
        37,
        39,
      ],
      "elem": "C",
      "index": 38,
      "x": 1.7809253071489963,
      "y": 5.348549989288473,
      "z": 7.130811966596322,
    },
    {
      "bondOrder": [
        1,
        1,
        1,
      ],
      "bonds": [
        38,
        46,
        52,
      ],
      "elem": "C",
      "index": 39,
      "x": 2.6710394760854936,
      "y": 6.2384203942306655,
      "z": 8.022699134595657,
    },
    {
      "bondOrder": [
        1,
        1,
        1,
      ],
      "bonds": [
        13,
        33,
        41,
      ],
      "elem": "C",
      "index": 40,
      "x": 1.7839394354756763,
      "y": 5.332357573914908,
      "z": 3.5853303710330957,
    },
    {
      "bondOrder": [
        1,
        1,
        1,
        1,
      ],
      "bonds": [
        40,
        96,
        42,
        44,
      ],
      "elem": "C",
      "index": 41,
      "x": 2.6790868505573098,
      "y": 6.237898289600474,
      "z": 4.463792656297843,
    },
    {
      "bondOrder": [
        1,
        1,
        1,
        1,
      ],
      "bonds": [
        15,
        35,
        41,
        43,
      ],
      "elem": "C",
      "index": 42,
      "x": 3.580980886654287,
      "y": 5.359552089230692,
      "z": 5.359552089230692,
    },
    {
      "bondOrder": [
        1,
        1,
        1,
        1,
      ],
      "bonds": [
        42,
        46,
        56,
        98,
      ],
      "elem": "C",
      "index": 43,
      "x": 4.477912895626028,
      "y": 6.256813865280642,
      "z": 6.256813865280642,
    },
    {
      "bondOrder": [
        1,
        1,
        1,
      ],
      "bonds": [
        41,
        37,
        45,
      ],
      "elem": "C",
      "index": 44,
      "x": 1.7809253071489963,
      "y": 7.130811966596322,
      "z": 5.348549989288473,
    },
    {
      "bondOrder": [
        1,
        1,
        1,
      ],
      "bonds": [
        44,
        46,
        100,
      ],
      "elem": "C",
      "index": 45,
      "x": 2.6710394760854936,
      "y": 8.022699134595657,
      "z": 6.2384203942306655,
    },
    {
      "bondOrder": [
        1,
        1,
        1,
        1,
      ],
      "bonds": [
        39,
        43,
        45,
        47,
      ],
      "elem": "C",
      "index": 46,
      "x": 3.5670005485107965,
      "y": 7.135269988009827,
      "z": 7.135269988009827,
    },
    {
      "bondOrder": [
        1,
        1,
        1,
      ],
      "bonds": [
        46,
        60,
        102,
      ],
      "elem": "C",
      "index": 47,
      "x": 4.45144988490894,
      "y": 8.025030891879162,
      "z": 8.025030891879162,
    },
    {
      "bondOrder": [
        1,
        1,
        1,
      ],
      "bonds": [
        21,
        35,
        49,
      ],
      "elem": "C",
      "index": 48,
      "x": 3.56530508257522,
      "y": 3.56530508257522,
      "z": 7.128149910695151,
    },
    {
      "bondOrder": [
        1,
        1,
        1,
        1,
      ],
      "bonds": [
        48,
        52,
        50,
        56,
      ],
      "elem": "C",
      "index": 49,
      "x": 4.453467927605795,
      "y": 4.453467927605795,
      "z": 8.024518487844034,
    },
    {
      "bondOrder": [
        1,
        1,
        1,
      ],
      "bonds": [
        49,
        23,
        51,
      ],
      "elem": "C",
      "index": 50,
      "x": 5.339993307621755,
      "y": 3.5550119518274763,
      "z": 8.914980173331536,
    },
    {
      "bondOrder": [
        1,
        1,
        1,
      ],
      "bonds": [
        50,
        58,
        54,
      ],
      "elem": "C",
      "index": 51,
      "x": 6.234785488241016,
      "y": 4.433416558417056,
      "z": 9.82110356256825,
    },
    {
      "bondOrder": [
        1,
        1,
        1,
      ],
      "bonds": [
        49,
        39,
        53,
      ],
      "elem": "C",
      "index": 52,
      "x": 3.5550119518274763,
      "y": 5.339993307621755,
      "z": 8.914980173331536,
    },
    {
      "bondOrder": [
        1,
        1,
        1,
      ],
      "bonds": [
        52,
        60,
        54,
      ],
      "elem": "C",
      "index": 53,
      "x": 4.433416558417056,
      "y": 6.234785488241016,
      "z": 9.82110356256825,
    },
    {
      "bondOrder": [
        1,
        1,
        1,
      ],
      "bonds": [
        53,
        51,
        55,
      ],
      "elem": "C",
      "index": 54,
      "x": 5.3404069939830965,
      "y": 5.3404069939830965,
      "z": 10.701738146601969,
    },
    {
      "bondOrder": [
        1,
        1,
      ],
      "bonds": [
        54,
        62,
      ],
      "elem": "C",
      "index": 55,
      "x": 6.236648108801075,
      "y": 6.236648108801075,
      "z": 11.590992599678076,
    },
    {
      "bondOrder": [
        1,
        1,
        1,
        1,
      ],
      "bonds": [
        49,
        43,
        29,
        57,
      ],
      "elem": "C",
      "index": 56,
      "x": 5.372318178641977,
      "y": 5.372318178641977,
      "z": 7.1589171153073154,
    },
    {
      "bondOrder": [
        1,
        1,
        1,
        1,
      ],
      "bonds": [
        56,
        58,
        60,
        126,
      ],
      "elem": "C",
      "index": 57,
      "x": 6.201050911464427,
      "y": 6.201050911464427,
      "z": 8.14644853616317,
    },
    {
      "bondOrder": [
        1,
        1,
        1,
        1,
      ],
      "bonds": [
        31,
        51,
        57,
        59,
      ],
      "elem": "C",
      "index": 58,
      "x": 7.1183207893914355,
      "y": 5.31730522699751,
      "z": 8.954494816455417,
    },
    {
      "bondOrder": [
        1,
        1,
        1,
      ],
      "bonds": [
        58,
        112,
        62,
      ],
      "elem": "C",
      "index": 59,
      "x": 8.034439778089338,
      "y": 6.198696829523788,
      "z": 9.835440669994291,
    },
    {
      "bondOrder": [
        1,
        1,
        1,
        1,
      ],
      "bonds": [
        47,
        53,
        57,
        61,
      ],
      "elem": "C",
      "index": 60,
      "x": 5.31730522699751,
      "y": 7.1183207893914355,
      "z": 8.954494816455417,
    },
    {
      "bondOrder": [
        1,
        1,
        1,
      ],
      "bonds": [
        60,
        114,
        62,
      ],
      "elem": "C",
      "index": 61,
      "x": 6.198696829523788,
      "y": 8.034439778089338,
      "z": 9.835440669994291,
    },
    {
      "bondOrder": [
        1,
        1,
        1,
        1,
      ],
      "bonds": [
        59,
        61,
        55,
        63,
      ],
      "elem": "C",
      "index": 62,
      "x": 7.128022660149498,
      "y": 7.128022660149498,
      "z": 10.701923547564055,
    },
    {
      "bondOrder": [
        1,
        1,
      ],
      "bonds": [
        62,
        116,
      ],
      "elem": "C",
      "index": 63,
      "x": 8.017672897504191,
      "y": 8.017672897504191,
      "z": 11.586398397856065,
    },
    {
      "bondOrder": [
        1,
        1,
      ],
      "bonds": [
        9,
        65,
      ],
      "elem": "C",
      "index": 64,
      "x": 3.563272939133247,
      "y": 3.563272939133247,
      "z": -0.006487816946039519,
    },
    {
      "bondOrder": [
        1,
        1,
        1,
        1,
      ],
      "bonds": [
        68,
        66,
        72,
        64,
      ],
      "elem": "C",
      "index": 65,
      "x": 4.456555640302951,
      "y": 4.456555640302951,
      "z": 0.8910412761098082,
    },
    {
      "bondOrder": [
        1,
        1,
        1,
      ],
      "bonds": [
        11,
        65,
        67,
      ],
      "elem": "C",
      "index": 66,
      "x": 5.332357573914908,
      "y": 3.5853303710330957,
      "z": 1.7839394354756763,
    },
    {
      "bondOrder": [
        1,
        1,
        1,
        1,
      ],
      "bonds": [
        66,
        80,
        70,
        74,
      ],
      "elem": "C",
      "index": 67,
      "x": 6.237898289600474,
      "y": 4.463792656297843,
      "z": 2.6790868505573098,
    },
    {
      "bondOrder": [
        1,
        1,
        1,
      ],
      "bonds": [
        13,
        65,
        69,
      ],
      "elem": "C",
      "index": 68,
      "x": 3.5853303710330957,
      "y": 5.332357573914908,
      "z": 1.7839394354756763,
    },
    {
      "bondOrder": [
        1,
        1,
        1,
        1,
      ],
      "bonds": [
        68,
        96,
        70,
        76,
      ],
      "elem": "C",
      "index": 69,
      "x": 4.463792656297843,
      "y": 6.237898289600474,
      "z": 2.6790868505573098,
    },
    {
      "bondOrder": [
        1,
        1,
        1,
        1,
      ],
      "bonds": [
        15,
        69,
        67,
        71,
      ],
      "elem": "C",
      "index": 70,
      "x": 5.359552089230692,
      "y": 5.359552089230692,
      "z": 3.580980886654287,
    },
    {
      "bondOrder": [
        1,
        1,
        1,
        1,
      ],
      "bonds": [
        70,
        78,
        84,
        98,
      ],
      "elem": "C",
      "index": 71,
      "x": 6.256813865280642,
      "y": 6.256813865280642,
      "z": 4.477912895626028,
    },
    {
      "bondOrder": [
        1,
        1,
      ],
      "bonds": [
        65,
        73,
      ],
      "elem": "C",
      "index": 72,
      "x": 5.347894213697376,
      "y": 5.347894213697376,
      "z": -0.004037878093574932,
    },
    {
      "bondOrder": [
        1,
        1,
        1,
      ],
      "bonds": [
        74,
        76,
        72,
      ],
      "elem": "C",
      "index": 73,
      "x": 6.23959815277925,
      "y": 6.23959815277925,
      "z": 0.8888168897963186,
    },
    {
      "bondOrder": [
        1,
        1,
        1,
      ],
      "bonds": [
        67,
        73,
        75,
      ],
      "elem": "C",
      "index": 74,
      "x": 7.130811966596322,
      "y": 5.348549989288473,
      "z": 1.7809253071489963,
    },
    {
      "bondOrder": [
        1,
        1,
        1,
      ],
      "bonds": [
        74,
        78,
        88,
      ],
      "elem": "C",
      "index": 75,
      "x": 8.022699134595657,
      "y": 6.2384203942306655,
      "z": 2.6710394760854936,
    },
    {
      "bondOrder": [
        1,
        1,
        1,
      ],
      "bonds": [
        69,
        73,
        77,
      ],
      "elem": "C",
      "index": 76,
      "x": 5.348549989288473,
      "y": 7.130811966596322,
      "z": 1.7809253071489963,
    },
    {
      "bondOrder": [
        1,
        1,
        1,
      ],
      "bonds": [
        76,
        78,
        104,
      ],
      "elem": "C",
      "index": 77,
      "x": 6.2384203942306655,
      "y": 8.022699134595657,
      "z": 2.6710394760854936,
    },
    {
      "bondOrder": [
        1,
        1,
        1,
        1,
      ],
      "bonds": [
        71,
        75,
        77,
        79,
      ],
      "elem": "C",
      "index": 78,
      "x": 7.135269988009827,
      "y": 7.135269988009827,
      "z": 3.5670005485107965,
    },
    {
      "bondOrder": [
        1,
        1,
        1,
      ],
      "bonds": [
        78,
        92,
        106,
      ],
      "elem": "C",
      "index": 79,
      "x": 8.025030891879162,
      "y": 8.025030891879162,
      "z": 4.45144988490894,
    },
    {
      "bondOrder": [
        1,
        1,
        1,
      ],
      "bonds": [
        25,
        67,
        81,
      ],
      "elem": "C",
      "index": 80,
      "x": 7.128149910695151,
      "y": 3.56530508257522,
      "z": 3.56530508257522,
    },
    {
      "bondOrder": [
        1,
        1,
        1,
        1,
      ],
      "bonds": [
        80,
        82,
        88,
        84,
      ],
      "elem": "C",
      "index": 81,
      "x": 8.024518487844034,
      "y": 4.453467927605795,
      "z": 4.453467927605795,
    },
    {
      "bondOrder": [
        1,
        1,
        1,
      ],
      "bonds": [
        81,
        27,
        83,
      ],
      "elem": "C",
      "index": 82,
      "x": 8.914980173331536,
      "y": 3.5550119518274763,
      "z": 5.339993307621755,
    },
    {
      "bondOrder": [
        1,
        1,
        1,
      ],
      "bonds": [
        82,
        86,
        90,
      ],
      "elem": "C",
      "index": 83,
      "x": 9.82110356256825,
      "y": 4.433416558417056,
      "z": 6.234785488241016,
    },
    {
      "bondOrder": [
        1,
        1,
        1,
        1,
      ],
      "bonds": [
        81,
        29,
        71,
        85,
      ],
      "elem": "C",
      "index": 84,
      "x": 7.1589171153073154,
      "y": 5.372318178641977,
      "z": 5.372318178641977,
    },
    {
      "bondOrder": [
        1,
        1,
        1,
        1,
      ],
      "bonds": [
        84,
        86,
        92,
        126,
      ],
      "elem": "C",
      "index": 85,
      "x": 8.14644853616317,
      "y": 6.201050911464427,
      "z": 6.201050911464427,
    },
    {
      "bondOrder": [
        1,
        1,
        1,
        1,
      ],
      "bonds": [
        31,
        83,
        85,
        87,
      ],
      "elem": "C",
      "index": 86,
      "x": 8.954494816455417,
      "y": 5.31730522699751,
      "z": 7.1183207893914355,
    },
    {
      "bondOrder": [
        1,
        1,
        1,
      ],
      "bonds": [
        86,
        112,
        94,
      ],
      "elem": "C",
      "index": 87,
      "x": 9.835440669994291,
      "y": 6.198696829523788,
      "z": 8.034439778089338,
    },
    {
      "bondOrder": [
        1,
        1,
        1,
      ],
      "bonds": [
        81,
        75,
        89,
      ],
      "elem": "C",
      "index": 88,
      "x": 8.914980173331536,
      "y": 5.339993307621755,
      "z": 3.5550119518274763,
    },
    {
      "bondOrder": [
        1,
        1,
        1,
      ],
      "bonds": [
        88,
        92,
        90,
      ],
      "elem": "C",
      "index": 89,
      "x": 9.82110356256825,
      "y": 6.234785488241016,
      "z": 4.433416558417056,
    },
    {
      "bondOrder": [
        1,
        1,
        1,
      ],
      "bonds": [
        83,
        89,
        91,
      ],
      "elem": "C",
      "index": 90,
      "x": 10.701738146601969,
      "y": 5.3404069939830965,
      "z": 5.3404069939830965,
    },
    {
      "bondOrder": [
        1,
        1,
      ],
      "bonds": [
        90,
        94,
      ],
      "elem": "C",
      "index": 91,
      "x": 11.590992599678076,
      "y": 6.236648108801075,
      "z": 6.236648108801075,
    },
    {
      "bondOrder": [
        1,
        1,
        1,
        1,
      ],
      "bonds": [
        79,
        89,
        85,
        93,
      ],
      "elem": "C",
      "index": 92,
      "x": 8.954494816455417,
      "y": 7.1183207893914355,
      "z": 5.31730522699751,
    },
    {
      "bondOrder": [
        1,
        1,
        1,
      ],
      "bonds": [
        92,
        118,
        94,
      ],
      "elem": "C",
      "index": 93,
      "x": 9.835440669994291,
      "y": 8.034439778089338,
      "z": 6.198696829523788,
    },
    {
      "bondOrder": [
        1,
        1,
        1,
        1,
      ],
      "bonds": [
        87,
        93,
        91,
        95,
      ],
      "elem": "C",
      "index": 94,
      "x": 10.701923547564055,
      "y": 7.128022660149498,
      "z": 7.128022660149498,
    },
    {
      "bondOrder": [
        1,
        1,
      ],
      "bonds": [
        94,
        120,
      ],
      "elem": "C",
      "index": 95,
      "x": 11.586398397856065,
      "y": 8.017672897504191,
      "z": 8.017672897504191,
    },
    {
      "bondOrder": [
        1,
        1,
        1,
      ],
      "bonds": [
        41,
        69,
        97,
      ],
      "elem": "C",
      "index": 96,
      "x": 3.56530508257522,
      "y": 7.128149910695151,
      "z": 3.56530508257522,
    },
    {
      "bondOrder": [
        1,
        1,
        1,
        1,
      ],
      "bonds": [
        96,
        100,
        104,
        98,
      ],
      "elem": "C",
      "index": 97,
      "x": 4.453467927605795,
      "y": 8.024518487844034,
      "z": 4.453467927605795,
    },
    {
      "bondOrder": [
        1,
        1,
        1,
        1,
      ],
      "bonds": [
        97,
        43,
        71,
        99,
      ],
      "elem": "C",
      "index": 98,
      "x": 5.372318178641977,
      "y": 7.1589171153073154,
      "z": 5.372318178641977,
    },
    {
      "bondOrder": [
        1,
        1,
        1,
        1,
      ],
      "bonds": [
        98,
        102,
        106,
        126,
      ],
      "elem": "C",
      "index": 99,
      "x": 6.201050911464427,
      "y": 8.14644853616317,
      "z": 6.201050911464427,
    },
    {
      "bondOrder": [
        1,
        1,
        1,
      ],
      "bonds": [
        97,
        45,
        101,
      ],
      "elem": "C",
      "index": 100,
      "x": 3.5550119518274763,
      "y": 8.914980173331536,
      "z": 5.339993307621755,
    },
    {
      "bondOrder": [
        1,
        1,
        1,
      ],
      "bonds": [
        100,
        102,
        108,
      ],
      "elem": "C",
      "index": 101,
      "x": 4.433416558417056,
      "y": 9.82110356256825,
      "z": 6.234785488241016,
    },
    {
      "bondOrder": [
        1,
        1,
        1,
        1,
      ],
      "bonds": [
        47,
        101,
        99,
        103,
      ],
      "elem": "C",
      "index": 102,
      "x": 5.31730522699751,
      "y": 8.954494816455417,
      "z": 7.1183207893914355,
    },
    {
      "bondOrder": [
        1,
        1,
        1,
      ],
      "bonds": [
        102,
        114,
        110,
      ],
      "elem": "C",
      "index": 103,
      "x": 6.198696829523788,
      "y": 9.835440669994291,
      "z": 8.034439778089338,
    },
    {
      "bondOrder": [
        1,
        1,
        1,
      ],
      "bonds": [
        97,
        77,
        105,
      ],
      "elem": "C",
      "index": 104,
      "x": 5.339993307621755,
      "y": 8.914980173331536,
      "z": 3.5550119518274763,
    },
    {
      "bondOrder": [
        1,
        1,
        1,
      ],
      "bonds": [
        104,
        106,
        108,
      ],
      "elem": "C",
      "index": 105,
      "x": 6.234785488241016,
      "y": 9.82110356256825,
      "z": 4.433416558417056,
    },
    {
      "bondOrder": [
        1,
        1,
        1,
        1,
      ],
      "bonds": [
        79,
        105,
        99,
        107,
      ],
      "elem": "C",
      "index": 106,
      "x": 7.1183207893914355,
      "y": 8.954494816455417,
      "z": 5.31730522699751,
    },
    {
      "bondOrder": [
        1,
        1,
        1,
      ],
      "bonds": [
        106,
        118,
        110,
      ],
      "elem": "C",
      "index": 107,
      "x": 8.034439778089338,
      "y": 9.835440669994291,
      "z": 6.198696829523788,
    },
    {
      "bondOrder": [
        1,
        1,
        1,
      ],
      "bonds": [
        101,
        105,
        109,
      ],
      "elem": "C",
      "index": 108,
      "x": 5.3404069939830965,
      "y": 10.701738146601969,
      "z": 5.3404069939830965,
    },
    {
      "bondOrder": [
        1,
        1,
      ],
      "bonds": [
        108,
        110,
      ],
      "elem": "C",
      "index": 109,
      "x": 6.236648108801075,
      "y": 11.590992599678076,
      "z": 6.236648108801075,
    },
    {
      "bondOrder": [
        1,
        1,
        1,
        1,
      ],
      "bonds": [
        103,
        107,
        109,
        111,
      ],
      "elem": "C",
      "index": 110,
      "x": 7.128022660149498,
      "y": 10.701923547564055,
      "z": 7.128022660149498,
    },
    {
      "bondOrder": [
        1,
        1,
      ],
      "bonds": [
        110,
        122,
      ],
      "elem": "C",
      "index": 111,
      "x": 8.017672897504191,
      "y": 11.586398397856065,
      "z": 8.017672897504191,
    },
    {
      "bondOrder": [
        1,
        1,
        1,
        1,
      ],
      "bonds": [
        59,
        87,
        113,
        126,
      ],
      "elem": "C",
      "index": 112,
      "x": 8.951096578408341,
      "y": 7.007443253586856,
      "z": 8.951096578408341,
    },
    {
      "bondOrder": [
        1,
        1,
        1,
      ],
      "bonds": [
        112,
        116,
        120,
      ],
      "elem": "C",
      "index": 113,
      "x": 9.780555606742825,
      "y": 7.994352560663962,
      "z": 9.780555606742825,
    },
    {
      "bondOrder": [
        1,
        1,
        1,
        1,
      ],
      "bonds": [
        61,
        103,
        115,
        126,
      ],
      "elem": "C",
      "index": 114,
      "x": 7.007443253586856,
      "y": 8.951096578408341,
      "z": 8.951096578408341,
    },
    {
      "bondOrder": [
        1,
        1,
        1,
      ],
      "bonds": [
        114,
        116,
        122,
      ],
      "elem": "C",
      "index": 115,
      "x": 7.994352560663962,
      "y": 9.780555606742825,
      "z": 9.780555606742825,
    },
    {
      "bondOrder": [
        1,
        1,
        1,
        1,
      ],
      "bonds": [
        113,
        115,
        63,
        117,
      ],
      "elem": "C",
      "index": 116,
      "x": 8.896254888776445,
      "y": 8.896254888776445,
      "z": 10.675529424360404,
    },
    {
      "bondOrder": [
        1,
        1,
      ],
      "bonds": [
        116,
        124,
      ],
      "elem": "C",
      "index": 117,
      "x": 9.793169250638263,
      "y": 9.793169250638263,
      "z": 11.572192261751866,
    },
    {
      "bondOrder": [
        1,
        1,
        1,
        1,
      ],
      "bonds": [
        93,
        107,
        119,
        126,
      ],
      "elem": "C",
      "index": 118,
      "x": 8.951096578408341,
      "y": 8.951096578408341,
      "z": 7.007443253586856,
    },
    {
      "bondOrder": [
        1,
        1,
        1,
      ],
      "bonds": [
        118,
        122,
        120,
      ],
      "elem": "C",
      "index": 119,
      "x": 9.780555606742825,
      "y": 9.780555606742825,
      "z": 7.994352560663962,
    },
    {
      "bondOrder": [
        1,
        1,
        1,
        1,
      ],
      "bonds": [
        113,
        119,
        95,
        121,
      ],
      "elem": "C",
      "index": 120,
      "x": 10.675529424360404,
      "y": 8.896254888776445,
      "z": 8.896254888776445,
    },
    {
      "bondOrder": [
        1,
        1,
      ],
      "bonds": [
        120,
        124,
      ],
      "elem": "C",
      "index": 121,
      "x": 11.572192261751866,
      "y": 9.793169250638263,
      "z": 9.793169250638263,
    },
    {
      "bondOrder": [
        1,
        1,
        1,
        1,
      ],
      "bonds": [
        115,
        119,
        111,
        123,
      ],
      "elem": "C",
      "index": 122,
      "x": 8.896254888776445,
      "y": 10.675529424360404,
      "z": 8.896254888776445,
    },
    {
      "bondOrder": [
        1,
        1,
      ],
      "bonds": [
        122,
        124,
      ],
      "elem": "C",
      "index": 123,
      "x": 9.793169250638263,
      "y": 11.572192261751866,
      "z": 9.793169250638263,
    },
    {
      "bondOrder": [
        1,
        1,
        1,
        1,
      ],
      "bonds": [
        117,
        123,
        121,
        125,
      ],
      "elem": "C",
      "index": 124,
      "x": 10.68711273217525,
      "y": 10.68711273217525,
      "z": 10.68711273217525,
    },
    {
      "bondOrder": [
        1,
      ],
      "bonds": [
        124,
      ],
      "elem": "C",
      "index": 125,
      "x": 11.584301155780338,
      "y": 11.584301155780338,
      "z": 11.584301155780338,
    },
    {
      "bondOrder": [
        1,
        1,
        1,
        1,
        1,
        1,
      ],
      "bonds": [
        57,
        85,
        99,
        112,
        114,
        118,
      ],
      "elem": "Ge",
      "index": 126,
      "x": 7.574403222735554,
      "y": 7.574403222735554,
      "z": 7.574403222735554,
    },
  ],
]
`;
